Flow report for AJ_lab3
Fri Mar 06 16:40:52 2026
Quartus Prime Version 18.1.0 Build 625 09/12/2018 SJ Lite Edition


---------------------
; Table of Contents ;
---------------------
  1. Legal Notice
  2. Flow Summary
  3. Flow Settings
  4. Flow Non-Default Global Settings
  5. Flow Elapsed Time
  6. Flow OS Summary
  7. Flow Log
  8. Flow Messages
  9. Flow Suppressed Messages



----------------
; Legal Notice ;
----------------
Copyright (C) 2018  Intel Corporation. All rights reserved.
Your use of Intel Corporation's design tools, logic functions 
and other software and tools, and its AMPP partner logic 
functions, and any output files from any of the foregoing 
(including device programming or simulation files), and any 
associated documentation or information are expressly subject 
to the terms and conditions of the Intel Program License 
Subscription Agreement, the Intel Quartus Prime License Agreement,
the Intel FPGA IP License Agreement, or other applicable license
agreement, including, without limitation, that your use is for
the sole purpose of programming logic devices manufactured by
Intel and sold by Intel or its authorized distributors.  Please
refer to the applicable agreement for further details.



+-------------------------------------------------------------------------------+
; Flow Summary                                                                  ;
+---------------------------------+---------------------------------------------+
; Flow Status                     ; Successful - Fri Mar 06 16:40:52 2026       ;
; Quartus Prime Version           ; 18.1.0 Build 625 09/12/2018 SJ Lite Edition ;
; Revision Name                   ; AJ_lab3                                     ;
; Top-level Entity Name           ; bcd_adder_structural                        ;
; Family                          ; Cyclone V                                   ;
; Device                          ; 5CGXFC7C6U19A7                              ;
; Timing Models                   ; Final                                       ;
; Logic utilization (in ALMs)     ; 7 / 56,480 ( < 1 % )                        ;
; Total registers                 ; 0                                           ;
; Total pins                      ; 13 / 268 ( 5 % )                            ;
; Total virtual pins              ; 0                                           ;
; Total block memory bits         ; 0 / 7,024,640 ( 0 % )                       ;
; Total DSP Blocks                ; 0 / 156 ( 0 % )                             ;
; Total HSSI RX PCSs              ; 0 / 6 ( 0 % )                               ;
; Total HSSI PMA RX Deserializers ; 0 / 6 ( 0 % )                               ;
; Total HSSI TX PCSs              ; 0 / 6 ( 0 % )                               ;
; Total HSSI PMA TX Serializers   ; 0 / 6 ( 0 % )                               ;
; Total PLLs                      ; 0 / 13 ( 0 % )                              ;
; Total DLLs                      ; 0 / 4 ( 0 % )                               ;
+---------------------------------+---------------------------------------------+


+-----------------------------------------+
; Flow Settings                           ;
+-------------------+---------------------+
; Option            ; Setting             ;
+-------------------+---------------------+
; Start date & time ; 03/06/2026 16:39:46 ;
; Main task         ; Compilation         ;
; Revision Name     ; AJ_lab3             ;
+-------------------+---------------------+


+--------------------------------------------------------------------------------------------------------------------------------------+
; Flow Non-Default Global Settings                                                                                                     ;
+-------------------------------------+----------------------------------------+---------------+----------------------+----------------+
; Assignment Name                     ; Value                                  ; Default Value ; Entity Name          ; Section Id     ;
+-------------------------------------+----------------------------------------+---------------+----------------------+----------------+
; COMPILER_SIGNATURE_ID               ; 18648932290768.177283318556652         ; --            ; --                   ; --             ;
; EDA_OUTPUT_DATA_FORMAT              ; Vhdl                                   ; --            ; --                   ; eda_simulation ;
; EDA_SIMULATION_TOOL                 ; ModelSim-Altera (VHDL)                 ; <None>        ; --                   ; --             ;
; EDA_TIME_SCALE                      ; 1 ps                                   ; --            ; --                   ; eda_simulation ;
; MAX_CORE_JUNCTION_TEMP              ; 125                                    ; --            ; --                   ; --             ;
; MIN_CORE_JUNCTION_TEMP              ; -40                                    ; --            ; --                   ; --             ;
; PARTITION_COLOR                     ; -- (Not supported for targeted family) ; --            ; bcd_adder_structural ; Top            ;
; PARTITION_FITTER_PRESERVATION_LEVEL ; -- (Not supported for targeted family) ; --            ; bcd_adder_structural ; Top            ;
; PARTITION_NETLIST_TYPE              ; -- (Not supported for targeted family) ; --            ; bcd_adder_structural ; Top            ;
; POWER_BOARD_THERMAL_MODEL           ; None (CONSERVATIVE)                    ; --            ; --                   ; --             ;
; POWER_PRESET_COOLING_SOLUTION       ; 23 MM HEAT SINK WITH 200 LFPM AIRFLOW  ; --            ; --                   ; --             ;
; PROJECT_OUTPUT_DIRECTORY            ; output_files                           ; --            ; --                   ; --             ;
; TOP_LEVEL_ENTITY                    ; bcd_adder_structural                   ; AJ_lab3       ; --                   ; --             ;
+-------------------------------------+----------------------------------------+---------------+----------------------+----------------+


+--------------------------------------------------------------------------------------------------------------------------+
; Flow Elapsed Time                                                                                                        ;
+----------------------+--------------+-------------------------+---------------------+------------------------------------+
; Module Name          ; Elapsed Time ; Average Processors Used ; Peak Virtual Memory ; Total CPU Time (on all processors) ;
+----------------------+--------------+-------------------------+---------------------+------------------------------------+
; Analysis & Synthesis ; 00:00:09     ; 1.0                     ; 4863 MB             ; 00:00:17                           ;
; Fitter               ; 00:00:44     ; 1.0                     ; 7467 MB             ; 00:03:34                           ;
; Assembler            ; 00:00:05     ; 1.0                     ; 4826 MB             ; 00:00:05                           ;
; Timing Analyzer      ; 00:00:04     ; 1.0                     ; 5282 MB             ; 00:00:04                           ;
; EDA Netlist Writer   ; 00:00:01     ; 1.0                     ; 4727 MB             ; 00:00:01                           ;
; Total                ; 00:01:03     ; --                      ; --                  ; 00:04:01                           ;
+----------------------+--------------+-------------------------+---------------------+------------------------------------+


+------------------------------------------------------------------------------------+
; Flow OS Summary                                                                    ;
+----------------------+------------------+------------+------------+----------------+
; Module Name          ; Machine Hostname ; OS Name    ; OS Version ; Processor type ;
+----------------------+------------------+------------+------------+----------------+
; Analysis & Synthesis ; DESKTOP-50MA6AM  ; Windows 10 ; 10.0       ; x86_64         ;
; Fitter               ; DESKTOP-50MA6AM  ; Windows 10 ; 10.0       ; x86_64         ;
; Assembler            ; DESKTOP-50MA6AM  ; Windows 10 ; 10.0       ; x86_64         ;
; Timing Analyzer      ; DESKTOP-50MA6AM  ; Windows 10 ; 10.0       ; x86_64         ;
; EDA Netlist Writer   ; DESKTOP-50MA6AM  ; Windows 10 ; 10.0       ; x86_64         ;
+----------------------+------------------+------------+------------+----------------+


------------
; Flow Log ;
------------
quartus_map --read_settings_files=on --write_settings_files=off AJ_lab3 -c AJ_lab3
quartus_fit --read_settings_files=off --write_settings_files=off AJ_lab3 -c AJ_lab3
quartus_asm --read_settings_files=off --write_settings_files=off AJ_lab3 -c AJ_lab3
quartus_sta AJ_lab3 -c AJ_lab3
quartus_eda --read_settings_files=off --write_settings_files=off AJ_lab3 -c AJ_lab3



